============================= test session starts =============================
platform win32 -- Python 3.12.10, pytest-9.0.1, pluggy-1.6.0 -- C:\Users\dimen\Desktop\R.J._Tech_Admin\emag\electrodrive_repo\.venv\Scripts\python.exe
cachedir: .pytest_cache
rootdir: C:\Users\dimen\Desktop\R.J._Tech_Admin\emag\electrodrive_repo
configfile: pyproject.toml
collecting ... collected 11 items

tests/test_images_discover.py::test_images_discover_empty_collocation PASSED [  9%]
tests/test_images_discover.py::test_checkpoint_loader_roundtrip PASSED   [ 18%]
tests/test_images_discover.py::test_discover_images_plane_point_boundary_small PASSED [ 27%]
